V3 3
FL /home/chrwa634/TSEA22/Lab3/Lab3_3a/comb_lock_logic.vhd 2021/02/17.14:01:56 P.20131013
EN work/comb_lock_logic 1613567211 \
      FL /home/chrwa634/TSEA22/Lab3/Lab3_3a/comb_lock_logic.vhd \
      PB ieee/std_logic_1164 1381692176
AR work/comb_lock_logic/behav 1613567212 \
      FL /home/chrwa634/TSEA22/Lab3/Lab3_3a/comb_lock_logic.vhd \
      EN work/comb_lock_logic 1613567211
